---
source: crates/spt-service/src/sysv.rs
expression: out
---
#!/bin/sh
### BEGIN INIT INFO
# Provides:          spt-relay
# Required-Start:    $network $local_fs $remote_fs
# Required-Stop:     $network $local_fs $remote_fs
# Default-Start:     2 3 4 5
# Default-Stop:      0 1 6
# Short-Description: spt — SMTP relay tunnel
### END INIT INFO

NAME="spt-relay"
DAEMON="/usr/local/bin/spt"
DAEMON_ARGS="'service' 'run' '--config' '/etc/spt/relay.toml'"
DAEMON_USER="spt"
PIDFILE="/var/run/${NAME}.pid"
WORKDIR="/var/lib/spt"
RESTART_POLICY="on-failure"
# SysV has no native on-failure respawn; use a supervisor for restart-on-crash.

# Environment exports from [profiles].env (blank when none configured).
export RUST_LOG="info"
export SPT_STATE_DIR="/var/lib/spt"

case "$1" in
    start)
        echo "Starting ${NAME}"
        # DAEMON_ARGS is single-quoted per argument by the generator; eval it
        # into the positional params so args with spaces / metacharacters are
        # passed through intact rather than word-split.
        eval "set -- ${DAEMON_ARGS}"
        start-stop-daemon --start --background --pidfile "${PIDFILE}" --make-pidfile \
            --chuid "${DAEMON_USER}" --chdir "${WORKDIR}" \
            --exec "${DAEMON}" -- "$@"
        ;;
    stop)
        echo "Stopping ${NAME}"
        start-stop-daemon --stop --pidfile "${PIDFILE}" --retry 10
        rm -f "${PIDFILE}"
        ;;
    restart)
        $0 stop
        $0 start
        ;;
    status)
        if [ -f "${PIDFILE}" ] && kill -0 "$(cat "${PIDFILE}")" 2>/dev/null; then
            echo "${NAME} is running (pid $(cat "${PIDFILE}"))"
            exit 0
        else
            echo "${NAME} is not running"
            exit 3
        fi
        ;;
    *)
        echo "Usage: $0 {start|stop|restart|status}" >&2
        exit 1
        ;;
esac

exit 0
