---
source: crates/spt-tui/tests/pages_snapshots.rs
assertion_line: 119
expression: snap
---
   ┌limits.max_active_connections──────────────────────────────────────────────┐
 ▶ │                                                                           │
   └───────────────────────────────────────────────────────────────────────────┘
   ┌limits.max_new_connections_per_second──────────────────────────────────────┐
   │                                                                           │
   └───────────────────────────────────────────────────────────────────────────┘
   ┌limits.max_bytes_per_second_in─────────────────────────────────────────────┐
   │                                                                           │
   └───────────────────────────────────────────────────────────────────────────┘
   ┌limits.max_bytes_per_second_out────────────────────────────────────────────┐
   │                                                                           │
   └───────────────────────────────────────────────────────────────────────────┘
   ┌limits.throttle_algorithm──────────────────────────────────────────────────┐
   │○ token_bucket                                                             │
   └───────────────────────────────────────────────────────────────────────────┘
   ┌limits.max_connection_lifetime─────────────────────────────────────────────┐
   │                                                                           │
   └───────────────────────────────────────────────────────────────────────────┘
