---
source: crates/spt-tui/tests/pages_snapshots.rs
expression: snap
---
┌trust.mode────────────────────────────────────────────────────────────────────┐
│○ known_hosts                                                                 │
└──────────────────────────────────────────────────────────────────────────────┘
┌trust.known_hosts_file────────────────────────────────────────────────────────┐
│                                                                              │
└──────────────────────────────────────────────────────────────────────────────┘
┌trust.strict──────────────────────────────────────────────────────────────────┐
│[ ] no                                                                        │
└──────────────────────────────────────────────────────────────────────────────┘
┌trust.accept_new──────────────────────────────────────────────────────────────┐
│[ ] no                                                                        │
└──────────────────────────────────────────────────────────────────────────────┘
┌trust.pin_sha256──────────────────────────────────────────────────────────────┐
│                                                                              │
└──────────────────────────────────────────────────────────────────────────────┘
┌tls.server_name───────────────────────────────────────────────────────────────┐
│                                                                              │
└──────────────────────────────────────────────────────────────────────────────┘
┌tls.ca_file───────────────────────────────────────────────────────────────────┐
│                                                                              │
└──────────────────────────────────────────────────────────────────────────────┘
┌tls.pin_sha256────────────────────────────────────────────────────────────────┐
│                                                                              │
└──────────────────────────────────────────────────────────────────────────────┘
┌tls.allow_self_signed─────────────────────────────────────────────────────────┐
│[ ] no                                                                        │
└──────────────────────────────────────────────────────────────────────────────┘
