---
source: crates/spt-tui/tests/pages_snapshots.rs
assertion_line: 107
expression: snap
---
   ┌keepalive.interval─────────────────────────────────────────────────────────┐
 ▶ │30s                                                                        │
   └───────────────────────────────────────────────────────────────────────────┘
   ┌keepalive.timeout──────────────────────────────────────────────────────────┐
   │5s                                                                         │
   └───────────────────────────────────────────────────────────────────────────┘
   ┌keepalive.max_missed───────────────────────────────────────────────────────┐
   │3                                                                          │
   └───────────────────────────────────────────────────────────────────────────┘
