---
source: crates/spt-tui/tests/pages_snapshots.rs
expression: snap
---
┌forward[0].dns_names──────────────────────────────────────────────────────────────────────────────┐
│                                                                                                  │
└──────────────────────────────────────────────────────────────────────────────────────────────────┘


┌Global [[dns.records]] (read-only here — edit via `spt config render`)────────────────────────────┐
│service.local                    A     127.0.0.1                                                  │
│                                                                                                  │
│                                                                                                  │
│                                                                                                  │
│                                                                                                  │
│                                                                                                  │
│                                                                                                  │
│                                                                                                  │
│                                                                                                  │
│                                                                                                  │
│                                                                                                  │
│                                                                                                  │
│                                                                                                  │
└──────────────────────────────────────────────────────────────────────────────────────────────────┘
