---
source: crates/spt-tui/tests/pages_snapshots.rs
expression: snap
---
┌Forwards (a=add, d=del, Enter=edit)─────┐┌Detail──────────────────────────────────────────────────────────────────────┐
│▶    local   tcp  127.0.0.1:5432 → db.in││name:           pg                                                          │
│                                        ││type:           local                                                       │
│                                        ││transport:      tcp                                                         │
│                                        ││bind:           127.0.0.1:5432                                              │
│                                        ││target:         db.internal:5432                                            │
│                                        ││bind_mode:                                                                  │
│                                        ││expose:                                                                     │
│                                        ││                                                                            │
│                                        ││                                                                            │
│                                        ││                                                                            │
│                                        ││                                                                            │
│                                        ││                                                                            │
│                                        ││                                                                            │
│                                        ││                                                                            │
│                                        ││                                                                            │
│                                        ││                                                                            │
│                                        ││                                                                            │
│                                        ││                                                                            │
└────────────────────────────────────────┘└────────────────────────────────────────────────────────────────────────────┘
