---
source: crates/spt-tui/tests/pages_snapshots.rs
expression: snap
---
┌tags──────────────────────────────────────────────────────────────────────────────────────────────┐
│                                                                                                  │
└──────────────────────────────────────────────────────────────────────────────────────────────────┘


┌Global [[events.bindings]] (read-only here)───────────────────────────────────────────────────────┐
│                                                                                                  │
│                                                                                                  │
│                                                                                                  │
│                                                                                                  │
│                                                                                                  │
│                                                                                                  │
│                                                                                                  │
│                                                                                                  │
│                                                                                                  │
│                                                                                                  │
│                                                                                                  │
│                                                                                                  │
│                                                                                                  │
└──────────────────────────────────────────────────────────────────────────────────────────────────┘
