---
source: crates/spt-tui/tests/pages_snapshots.rs
assertion_line: 102
expression: snap
---
   ┌connection.connect_timeout─────────────────────────────────────────────────┐
 ▶ │                                                                           │
   └───────────────────────────────────────────────────────────────────────────┘
   ┌connection.handshake_timeout───────────────────────────────────────────────┐
   │                                                                           │
   └───────────────────────────────────────────────────────────────────────────┘
   ┌connection.auth_timeout────────────────────────────────────────────────────┐
   │                                                                           │
   └───────────────────────────────────────────────────────────────────────────┘
   ┌connection.keepalive_retries───────────────────────────────────────────────┐
   │                                                                           │
   └───────────────────────────────────────────────────────────────────────────┘
   ┌keepalive.interval─────────────────────────────────────────────────────────┐
   │30s                                                                        │
   └───────────────────────────────────────────────────────────────────────────┘
   ┌keepalive.timeout──────────────────────────────────────────────────────────┐
   │5s                                                                         │
   └───────────────────────────────────────────────────────────────────────────┘
   ┌keepalive.max_missed───────────────────────────────────────────────────────┐
   │3                                                                          │
   └───────────────────────────────────────────────────────────────────────────┘
