---
source: crates/spt-tui/tests/pages_snapshots.rs
assertion_line: 101
expression: snap
---
   ┌crypto.policy──────────────────────────────────────────────────────────────┐
 ▶ │modern                                                                     │
   └───────────────────────────────────────────────────────────────────────────┘
   ┌crypto.allow_deprecated────────────────────────────────────────────────────┐
   │[ ] no                                                                     │
   └───────────────────────────────────────────────────────────────────────────┘
   ┌crypto.warn_on_deprecated──────────────────────────────────────────────────┐
   │[ ] no                                                                     │
   └───────────────────────────────────────────────────────────────────────────┘
   ┌crypto.ciphers─────────────────────────────────────────────────────────────┐
   │(none)                                                                     │
   └───────────────────────────────────────────────────────────────────────────┘
   ┌crypto.kex_algorithms──────────────────────────────────────────────────────┐
   │(none)                                                                     │
   └───────────────────────────────────────────────────────────────────────────┘
   ┌crypto.macs────────────────────────────────────────────────────────────────┐
   │(none)                                                                     │
   └───────────────────────────────────────────────────────────────────────────┘
   ┌crypto.host_key_algorithms─────────────────────────────────────────────────┐
   │(none)                                                                     │
   └───────────────────────────────────────────────────────────────────────────┘
   ┌crypto.compression─────────────────────────────────────────────────────────┐
   │(none)                                                                     │
   └───────────────────────────────────────────────────────────────────────────┘
