---
source: crates/spt-tui/tests/pages_snapshots.rs
expression: snap
---
┌tags──────────────────────────────────────────────────────────────────────────┐
│                                                                              │
└──────────────────────────────────────────────────────────────────────────────┘
┌acknowledge_experimental──────────────────────────────────────────────────────┐
│[ ] no                                                                        │
└──────────────────────────────────────────────────────────────────────────────┘
┌ssh3.idle_timeout─────────────────────────────────────────────────────────────┐
│                                                                              │
└──────────────────────────────────────────────────────────────────────────────┘
┌ssh3.keepalive────────────────────────────────────────────────────────────────┐
│                                                                              │
└──────────────────────────────────────────────────────────────────────────────┘
┌ssh3.enable_datagrams─────────────────────────────────────────────────────────┐
│[ ] no                                                                        │
└──────────────────────────────────────────────────────────────────────────────┘
