---
source: crates/spt-tui/tests/pages_snapshots.rs
assertion_line: 242
expression: snap
---
   ┌id─────────────────────────────────────────────────────────────────────────┐
   │demo                                                                       │
   └───────────────────────────────────────────────────────────────────────────┘
   ┌description────────────────────────────────────────────────────────────────┐
 ▶ └───────────────────────────────────────────────────────────────────────────┘
   ┌protocol───────────────────────────────────────────────────────────────────┐
   │ssh2                                                                       │
   └───────────────────────────────────────────────────────────────────────────┘
   ┌host───────────────────────────────────────────────────────────────────────┐
   └───────────────────────────────────────────────────────────────────────────┘
   ┌port───────────────────────────────────────────────────────────────────────┐
   │                                                                           │
   └───────────────────────────────────────────────────────────────────────────┘
   ┌endpoint───────────────────────────────────────────────────────────────────┐
   └───────────────────────────────────────────────────────────────────────────┘
   ┌startup────────────────────────────────────────────────────────────────────┐
   │                                                                           │
   └───────────────────────────────────────────────────────────────────────────┘
   ┌failure_policy─────────────────────────────────────────────────────────────┐
   └───────────────────────────────────────────────────────────────────────────┘
