---
source: crates/spt-tui/tests/pages_snapshots.rs
expression: snap
---
┌id────────────────────────────────────────────────────────────────────────────┐
│demo                                                                          │
└──────────────────────────────────────────────────────────────────────────────┘
┌description───────────────────────────────────────────────────────────────────┐
│                                                                              │
└──────────────────────────────────────────────────────────────────────────────┘
┌protocol──────────────────────────────────────────────────────────────────────┐
│● ssh2                                                                        │
└──────────────────────────────────────────────────────────────────────────────┘
┌startup───────────────────────────────────────────────────────────────────────┐
│○ eager                                                                       │
└──────────────────────────────────────────────────────────────────────────────┘
┌failure_policy────────────────────────────────────────────────────────────────┐
│○ retry                                                                       │
└──────────────────────────────────────────────────────────────────────────────┘
