---
source: crates/spt-tui/tests/pages_snapshots.rs
assertion_line: 113
expression: snap
---
   ┌reconnect.initial_delay────────────────────────────────────────────────────┐
 ▶ │                                                                           │
   └───────────────────────────────────────────────────────────────────────────┘
   ┌reconnect.max_delay────────────────────────────────────────────────────────┐
   │                                                                           │
   └───────────────────────────────────────────────────────────────────────────┘
   ┌reconnect.jitter───────────────────────────────────────────────────────────┐
   │                                                                           │
   └───────────────────────────────────────────────────────────────────────────┘
   ┌reconnect.reset_after──────────────────────────────────────────────────────┐
   │                                                                           │
   └───────────────────────────────────────────────────────────────────────────┘
   ┌reconnect.max_attempts─────────────────────────────────────────────────────┐
   │                                                                           │
   └───────────────────────────────────────────────────────────────────────────┘
   ┌reconnect.retry_auth_failures──────────────────────────────────────────────┐
   │[ ] no                                                                     │
   └───────────────────────────────────────────────────────────────────────────┘
   ┌instability.enabled────────────────────────────────────────────────────────┐
   │[ ] no                                                                     │
   └───────────────────────────────────────────────────────────────────────────┘
   ┌instability.window─────────────────────────────────────────────────────────┐
   │                                                                           │
   └───────────────────────────────────────────────────────────────────────────┘
   ┌instability.max_disconnects────────────────────────────────────────────────┐
   │                                                                           │
   └───────────────────────────────────────────────────────────────────────────┘
   ┌instability.action─────────────────────────────────────────────────────────┐
   │                                                                           │
   └───────────────────────────────────────────────────────────────────────────┘
   ┌failover.mode──────────────────────────────────────────────────────────────┐
   │                                                                           │
   └───────────────────────────────────────────────────────────────────────────┘
   ┌failover.health_check──────────────────────────────────────────────────────┐
   │                                                                           │
   └───────────────────────────────────────────────────────────────────────────┘
   ┌failover.fail_after────────────────────────────────────────────────────────┐
   │                                                                           │
   └───────────────────────────────────────────────────────────────────────────┘
   ┌failover.restore_after─────────────────────────────────────────────────────┐
   │                                                                           │
   └───────────────────────────────────────────────────────────────────────────┘
