---
source: crates/spt-tui/tests/pages_snapshots.rs
expression: snap
---
   ┌tags───────────────────────────────────────────────────────────────────────────────────────────┐
 ▶ │                                                                                               │
   └───────────────────────────────────────────────────────────────────────────────────────────────┘


┌Sinks (Tab to focus)─────────────┐┌Sink detail────────────────────────────────────────────────────┐
│▶        webhook [http]          ││name:   webhook                                                │
│        notifier [mcp_notify]    ││type:   http                                                   │
│                                 ││url:    https://example.com/hook                               │
│                                 ││method: POST                                                   │
│                                 ││auth:                                                          │
│                                 ││vapid:                                                         │
│                                 ││                                                               │
│                                 ││                                                               │
│                                 ││                                                               │
│                                 ││                                                               │
│                                 ││                                                               │
└─────────────────────────────────┘└───────────────────────────────────────────────────────────────┘
┌Bindings (Tab to focus)──────────┐┌Binding detail─────────────────────────────────────────────────┐
│▶        on-fail on=[profile.fail││name:      on-fail                                             │
│                                 ││on:        profile.failed, endpoint.down                       │
│                                 ││actions:   webhook                                             │
│                                 ││min_level: warn                                                │
│                                 ││throttle:                                                      │
│                                 ││                                                               │
│                                 ││                                                               │
│                                 ││                                                               │
│                                 ││                                                               │
│                                 ││                                                               │
└─────────────────────────────────┘└───────────────────────────────────────────────────────────────┘
